activity
activity_as_realized
activity_characterized
activity_method
activity_method_assignment
activity_method_characterized
activity_method_implementation
activity_structure_and_classification
additive_manufacturing_part_and_build_information
advanced_boundary_representation
alias_identification
altered_package
altered_part
alternative_solution
analysis
analysis_assignment
analysis_characterized
analysis_identification
analysis_product_relationships
analysis_representation
analysis_shape
analytical_model
ap203_configuration_controlled_3d_design_of_mechanical_parts_and_assemblies
ap209_multidisciplinary_analysis_and_design
ap210_assembly_functional_interface_requirements
ap210_assembly_functional_requirements
ap210_assembly_physical_design
ap210_assembly_physical_interface_requirements
ap210_assembly_physical_requirements
ap210_assembly_requirement_allocation
ap210_assembly_technology_constraints
ap210_connection_zone_based_model_extraction
ap210_datum_difference_based_model_definition
ap210_device_functional_and_physical_characterization
ap210_electronic_assembly_interconnect_and_packaging_design
ap210_functional_decomposition
ap210_functional_requirement_allocation
ap210_functional_specification
ap210_interconnect_design
ap210_interconnect_design_for_microwave
ap210_interconnect_functional_requirements
ap210_interconnect_physical_requirements
ap210_interconnect_requirement_allocation
ap210_interconnect_technology_constraints
ap210_laminate_assembly_design
ap210_package_functional_and_physical_characterization
ap210_packaged_part_white_box_model
ap210_physical_unit_physical_characterization
ap210_printed_part_functional_and_physical_characterization
ap210_production_rule
ap233_systems_engineering
ap236_furniture_catalog_and_interior_design
ap239_activity_recording
ap239_document_management
ap239_management_resource_information
ap239_part_definition_information
ap239_product_definition_information
ap239_product_life_cycle_support
ap239_product_status_recording
ap239_properties
ap239_task_specification_resourced
ap239_work_definition
ap242_managed_model_based_3d_engineering
appearance_assignment
approval
area_2d
assembly_2d_shape
assembly_3d_shape
assembly_component
assembly_component_placement_requirements
assembly_constraints
assembly_feature_definition
assembly_feature_relationship
assembly_functional_interface_requirement
assembly_module_design
assembly_module_macro_definition
assembly_module_usage_view
assembly_module_with_cable_component
assembly_module_with_cable_component_2d
assembly_module_with_cable_component_3d
assembly_module_with_interconnect_component
assembly_module_with_macro_component
assembly_module_with_packaged_component
assembly_module_with_packaged_connector_component
assembly_module_with_subassembly
assembly_physical_interface_requirement
assembly_physical_requirement_allocation
assembly_shape
assembly_structure
assembly_technology
associative_draughting_elements
associative_text
attachment_slot
attribute_classification
b_spline_geometry
bare_die
basic_curve
basic_data_representation
basic_geometric_topology
basic_geometry
behaviour_description_assignment
behaviour_identification_and_version
behaviour_view_definition
binary_representation
building_component
building_item
building_structure
cable
camera_view_3d
cardinality_of_relationship
catalog_data_information
catalog_data_information_and_shape_representation
certification
cfd_conditions
cfd_equations
cfd_model
cfd_results
cfd_specified_general_property
change_management
characteristic
characterizable_object
characterized_representation
chemical_substance
class
class_of_activity
class_of_activity_library
class_of_activity_structure
class_of_composition_of_activity
class_of_composition_of_product
class_of_connection_of_activity
class_of_connection_of_product
class_of_containment_of_product
class_of_involvement_in_activity
class_of_involvement_of_product_in_connection
class_of_person
class_of_product
class_of_product_library
class_of_product_structure
classification
classification_assignment
classification_with_attributes
collection_identification_and_version
colour
component_feature
component_grouping
composite_constituent_shape
composite_material_aspects
composite_surface
composition_of_individual_activity
composition_of_individual_product
compound_shape_representation
condition
condition_characterized
condition_evaluation
condition_evaluation_characterized
conditional_effectivity
conductivity_material_aspects
configuration_effectivity
configuration_item
connection_of_individual_activity
connection_of_individual_product
connectivity_allocation_to_physical_network
construction_geometry
constructive_solid_geometry_2d
constructive_solid_geometry_3d
containment_of_individual_product
contextual_shape_positioning
contract
currency
curve_appearance
curve_swept_solid
date_time
date_time_assignment
datum_difference_based_model
decision_support
default_setting_association
default_tolerance
derived_shape_element
description_assignment
design_management
design_material_aspects
design_product_data_management
design_specific_assignment_to_assembly_usage_view
design_specific_assignment_to_interconnect_usage_view
device_marking
dimension_and_tolerance_callouts
dimension_tolerance
discrete_shield
disposition
document_and_version_identification
document_assignment
document_definition
document_management
document_properties
document_structure
draughting_annotation
draughting_element
draughting_element_specialisations
drawing_definition
drawing_structure_and_administration
edge_based_topological_representation_with_length
edge_based_wireframe
edge_shape_feature
effectivity
effectivity_application
electrical_network_definition
elemental_geometric_shape
elemental_topology
elementary_boundary_representation
elementary_function
envelope
event
event_assignment
experience
explicit_constraints
expression
expression_assignment
extended_basic_geometry
extended_date
extended_geometric_tolerance
extended_measure_representation
extended_task_element
external_analysis_representation
external_class
external_currency
external_functional_model
external_item_identification_assignment
external_library
external_model
external_properties
external_representation_item
external_source
external_state_based_behaviour_model
external_unit
externally_conditioned_data_quality_criteria
externally_conditioned_data_quality_inspection_result
extruded_structure_cross_section
fabrication_joint
fabrication_requirement
fabrication_technology
faceted_boundary_representation
fea_definition_relationships
fea_material_aspects
feature_and_connection_zone
file_identification
fill_area_style
finite_element_analysis
finite_element_shape
finite_elements
footprint_definition
form_feature_in_panel
foundation_representation
foundation_state_definition
function_based_behaviour
function_based_behaviour_representation
functional_assignment_to_part
functional_breakdown
functional_data
functional_data_and_schematic_representation
functional_decomposition_to_assembly_design
functional_decomposition_to_design
functional_decomposition_to_interconnect_design
functional_decomposition_with_nodal_representation_to_packaged_mapping
functional_specification
functional_unit_requirement_allocation
functional_usage_view
furniture_interior_decoration
general_design_connectivity
general_model_parameter
general_surface_appearance
generic_expression
generic_material_aspects
generic_product_occurrence
geometric_constraints
geometric_model_2d_3d_relationship
geometric_model_relationship
geometric_tolerance
geometric_validation_property_representation
geometrically_bounded_surface
geometrically_bounded_wireframe
group
identification_assignment
identification_relationship
incomplete_data_reference_mechanism
independent_property
independent_property_definition
independent_property_representation
individual_activity
individual_activity_structure
individual_involvement_in_activity
individual_product_structure
inertia_characteristics
information_product
information_rights
integral_shield
interconnect_2d_shape
interconnect_module_connection_routing
interconnect_module_to_assembly_module_relationship
interconnect_module_usage_view
interconnect_module_with_macros
interconnect_non_planar_shape
interconnect_physical_requirement_allocation
interconnect_placement_requirements
interface
interface_component
interface_lifecycle
involvement_of_individual_product_in_connection
issue
issue_management
item_definition_structure
justification
kinematic_analysis_control_and_result
kinematic_motion_representation
kinematic_state
kinematic_structure
kinematic_topology
land
layer_assignment
layered_2d_shape
layered_3d_shape
layered_interconnect_complex_template
layered_interconnect_module_2d_design
layered_interconnect_module_3d_design
layered_interconnect_module_design
layered_interconnect_module_with_printed_component_design
layered_interconnect_simple_template
layout_macro_definition
location
location_assignment
location_assignment_characterized
location_in_building
machining_features
management_resource_information
manifold_subsurface
manifold_surface
manufacturing_configuration_effectivity
maths_space
maths_value
mating_structure
measure_representation
mechanical_design_features_and_requirements
mechanical_design_geometric_presentation
mechanical_design_presentation_representation_with_draughting
mechanical_design_shaded_presentation
mesh_connectivity
mesh_function
mesh_topology
message
model_based_3d_geometrical_dimensioning_and_tolerancing_representation
model_parameter
modified_swept_solid
multi_linguism
name_assignment
network_functional_design_view
non_feature_shape_element
non_manifold_surface
numeric_expression
numeric_function
numerical_interface
observation
organization_structure
organization_type
package
packaged_connector_model
packaged_part_black_box_model
packaged_part_white_box_model
parameter_value_specification
parameterization_and_variational_representation
parameterized_catalog_data_and_shape_representation
parameterized_catalog_data_information
parametric_representation
part_and_version_identification
part_and_zone_laminate_tables
part_collection
part_definition_relationship
part_external_reference
part_feature_function
part_feature_grouping
part_feature_location
part_occurrence
part_shape
part_template
part_template_2d_shape
part_template_3d_shape
part_template_extension
part_template_non_planar_shape
part_template_shape_with_parameters
part_view_definition
pdm_material_aspects
person_organization
person_organization_assignment
physical_breakdown
physical_component_feature
physical_connectivity_definition
physical_connectivity_layout_topology_requirement
physical_layout_template
physical_node_requirement_to_implementing_component_allocation
physical_unit_2d_design_view
physical_unit_2d_shape
physical_unit_3d_design_view
physical_unit_3d_shape
physical_unit_design_view
physical_unit_interconnect_definition
physical_unit_non_planar_design_view
physical_unit_shape_with_parameters
physical_unit_usage_view
picture_representation
planned_characteristic
plib_class_reference
ply_orientation_specification
point_direction_model
position_in_organization
possession_of_property
pre_defined_datum_2d_symbol
pre_defined_datum_3d_symbol
pre_defined_datum_symbol
pre_defined_product_data_management_specializations
presentation_hierarchy
primitive_solids
printed_physical_layout_template
probability
probability_distribution
procedural_shape_model
procedural_solid_model
process_plan
process_property_assignment
product_analysis
product_and_manufacturing_annotation_presentation
product_and_manufacturing_information_view_context
product_and_manufacturing_information_with_nominal_3d_models
product_as_individual
product_as_individual_assembly_and_test
product_breakdown
product_categorization
product_class
product_concept_identification
product_data_management
product_data_quality_criteria
product_data_quality_definition
product_data_quality_inspection_result
product_environment_definition
product_environment_observed
product_group
product_identification
product_identification_extension
product_occurrence
product_placement
product_property_feature_definition
product_relationship
product_replacement
product_structure
product_structure_and_classification
product_version
product_version_relationship
product_view_definition
product_view_definition_properties
product_view_definition_reference
product_view_definition_relationship
production_rule
program_management
project
project_breakdown
project_management
project_management_resource_information
property_and_property_assignment
property_as_definition
property_assignment
property_condition
property_identification
property_space
qualifications
qualified_measure
reference_data_library
representation_with_uncertainty
required_resource
required_resource_characterized
requirement_assignment
requirement_decomposition
requirement_identification_and_version
requirement_management
requirement_view_definition
requirement_view_definition_relationship
resource_as_realized
resource_as_realized_characterized
resource_item
resource_item_characterized
resource_management
resource_management_characterized
resource_property_assignment
risk_definition
risk_management
same_as_external_item
scan_data_3d_shape
schedule
schematic_and_symbolization
schematic_drawing
schematic_element
schematic_element_library
scheme
security_classification
selected_item
sequential_laminate_assembly_design
set_theory
shape_appearance_layers
shape_composition
shape_data_quality_criteria
shape_data_quality_inspection_result
shape_feature
shape_parameters
shape_property_assignment
shell_based_wireframe
signal
single_part_representation
sketch
software
solid_model
solid_with_local_modification
specification_based_configuration
specification_control
specification_document
specified_product
state_based_behaviour
state_based_behaviour_representation
state_characterized
state_definition
state_observed
stock_material
stratum_non_planar_shape
styled_curve
support_resource
surface_conditions
surface_visual_texture
swept_solid
symbolization_by_schematic_element
system_behaviour
system_breakdown
system_identification_and_version
system_modelling
system_structure
system_view_definition
tagged_text_representation
task_element
task_specification
tessellated_geometry
test_requirement_allocation
test_select_product
text_appearance
text_representation
textual_expression_representation
thermal_network_definition
thickened_face_solid
time_interval
time_interval_assignment
topologically_bounded_surface
type_of_person
value_with_unit
value_with_unit_extension
verification_and_validation
vertex_colours_for_tessellated_geometry
via_component
wire_and_cable_design_connectivity
wireframe_2d
wiring_harness_assembly_design
work_order
work_order_characterized
work_output
work_output_characterized
work_request
work_request_characterized
work_structure
zonal_breakdown
