action_and_model_relationships_schema
action_schema
aic_advanced_brep
aic_associative_draughting_elements
aic_csg
aic_curve_swept_solid
aic_draughting_annotation
aic_draughting_elements
aic_drawing_structure_and_administration
aic_edge_based_wireframe
aic_elementary_brep
aic_faceted_brep
aic_geometric_tolerances
aic_geometrically_bounded_2d_wireframe
aic_geometrically_bounded_surface
aic_geometrically_bounded_wireframe
aic_machining_feature
aic_manifold_subsurface
aic_manifold_surface
aic_mechanical_design_geometric_presentation
aic_mechanical_design_shaded_presentation
aic_non_manifold_surface
aic_shell_based_wireframe
aic_topologically_bounded_surface
analysis_product_relationships_schema
analysis_schema
annotated_3d_model_equivalence_criteria_schema
annotated_3d_model_equivalence_inspection_result_schema
application_context_schema
approval_schema
assembly_constraint_schema
assembly_feature_relationship_schema
basic_attribute_schema
basis_schema
certification_schema
classification_schema
conditions_schema
configuration_management_schema
contract_schema
counterbore_countersink_schema
date_time_schema
document_schema
domain_schema
draughting_dimension_schema
draughting_element_schema
drawing_definition_schema
effectivity_schema
equations_schema
experience_schema
explicit_constraint_schema
explicit_geometric_constraint_schema
external_reference_schema
fea_definition_relationships_schema
fea_scalar_vector_tensor_schema
finite_element_analysis_control_and_result_schema
geometric_model_schema
geometry_schema
group_schema
hierarchy_schema
iso13584_expressions_schema
iso13584_generic_expressions_schema
kinematic_analysis_control_and_result_schema
kinematic_motion_representation_schema
kinematic_property_schema
kinematic_state_schema
kinematic_structure_schema
kinematic_topology_schema
location_schema
management_resources_schema
material_property_definition_schema
material_property_representation_schema
mathematical_context_schema
mathematical_description_of_distribution_schema
mathematical_functions_schema
measure_schema
mechanical_design_schema
mesh_connectivity_schema
mesh_function_schema
mesh_topology_schema
method_definition_schema
parameterization_schema
person_organization_schema
presentation_appearance_schema
presentation_definition_schema
presentation_organization_schema
presentation_resource_schema
procedural_model_schema
procedural_shape_model_schema
procedural_sketch_schema
process_property_representation_schema
process_property_schema
product_analysis_schema
product_and_model_relationships_schema
product_concept_schema
product_data_equivalence_criteria_schema
product_data_equivalence_definition_schema
product_data_equivalence_inspection_result_schema
product_data_quality_criteria_schema
product_data_quality_definition_schema
product_data_quality_inspection_result_schema
product_definition_schema
product_property_definition_schema
product_property_representation_schema
product_structure_schema
property_distribution_and_model_relationships_schema
qualifications_schema
qualified_measure_schema
representation_schema
results_schema
risk_schema
scan_data_3d_shape_model_schema
security_classification_schema
set_theory_schema
shape_aspect_definition_schema
shape_data_quality_criteria_schema
shape_data_quality_inspection_result_schema
shape_dimension_schema
shape_tolerance_schema
sketch_schema
solid_shape_element_schema
state_and_model_relationships_schema
state_observed_schema
state_type_schema
structural_response_definition_schema
structural_response_representation_schema
support_resource_schema
systems_engineering_representation_schema
topology_based_identification_schema
topology_schema
variational_representation_schema
